

================================================================
== Synthesis Summary Report of 'matrixmul'
================================================================
+ General Information: 
    * Date:           Thu Aug 11 16:10:12 2022
    * Version:        2020.2 (Build 3064766 on Wed Nov 18 09:12:45 MST 2020)
    * Project:        matrixmul
    * Solution:       mul_hls_prj (Vivado IP Flow Target)
    * Product family: zynq
    * Target device:  xc7z020-clg484-1
    

+ Performance & Resource Estimates: 
    
    PS: '+' for module; 'o' for loop; '*' for dataflow
    +------------------------------------+------+-------+---------+-----------+----------+---------+------+----------+----------+----+-----------+-----------+-----+
    |               Modules              | Issue|       | Latency |  Latency  | Iteration|         | Trip |          |          |    |           |           |     |
    |               & Loops              | Type | Slack | (cycles)|    (ns)   |  Latency | Interval| Count| Pipelined|   BRAM   | DSP|     FF    |    LUT    | URAM|
    +------------------------------------+------+-------+---------+-----------+----------+---------+------+----------+----------+----+-----------+-----------+-----+
    |+ matrixmul                         |     -|  -0.38|     5137|  5.137e+04|         -|     5138|     -|        no|  62 (22%)|   -|  9381 (8%)|  4708 (8%)|    -|
    | o VITIS_LOOP_12_1_VITIS_LOOP_13_2  |     -|  -7.30|     1024|  1.024e+04|         2|        1|  1024|       yes|         -|   -|          -|          -|    -|
    | o VITIS_LOOP_17_3_VITIS_LOOP_18_4  |     -|  -7.30|     1024|  1.024e+04|         2|        1|  1024|       yes|         -|   -|          -|          -|    -|
    | o row_col                          |    II|  -7.30|     2055|  2.055e+04|        10|        2|  1024|       yes|         -|   -|          -|          -|    -|
    | o VITIS_LOOP_40_5_VITIS_LOOP_41_6  |     -|  -7.30|     1026|  1.026e+04|         4|        1|  1024|       yes|         -|   -|          -|          -|    -|
    +------------------------------------+------+-------+---------+-----------+----------+---------+------+----------+----------+----+-----------+-----------+-----+

